tech_spth_adv_spiritual_shield
tech_spth_adv_spiritual_armor
tech_touhou_ag_shell_world_expand
tech_touhou_ag_shell_world_expand_2
tech_touhou_psionic_conduit_titan_action
tech_touhou_psionic_conduit_zone
tech_touhou_fe_union_titan
tech_touhou_fe_union_escort
tech_touhou_fe_union_battle_cruiser
tech_spth_sub_capitals
tech_spth_old_shrine_construct
tech_touhou_gensokyo_planet_buildings
tech_building_kamikakushi_silo
tech_building_kamikakushi_silo_update
tech_holding_fumo_obelisk
tech_building_suzunaan
tech_touhou_shroud_void_research
tech_hakurei_1_give_money
tech_th_non_genso_spellcard
tech_th_weapon_spark_non_genso
tech_th_weapon_spark_2_non_genso
tech_th_weapon_muso_2_non_genso
tech_th_weapon_needle_non_genso
tech_th_weapon_sanae_non_genso
tech_th_weapon_muso_non_genso
tech_th_weapon_gungnir_non_genso
tech_th_shield_barrier_non_genso
tech_th_kappa_torpedo_non_genso
tech_spth_weapon_laevatain_non_genso
tech_th_goliath_doll
tech_th_mofashu_attack
tech_gensokyo_building_1
tech_gensokyo_building_2
tech_gensokyo_building_3
tech_gensokyo_building_4
tech_hm_building_1
tech_hm_building_2
tech_hm_building_3
tech_hm_building_4
tech_touhou_time_shield
tech_th_shield_jiejie1
tech_th_shield_jiejie2
tech_th_armor_scarlet1
tech_th_armor_scarlet2
tech_th_engine_xijian
tech_th_ship_part_taiyang
tech_th_weapon_gungnir
tech_spth_moon_computer
tech_th_weapon_spark
tech_th_weapon_spark_2
tech_th_weapon_muso
tech_th_weapon_muso_2
tech_th_weapon_needle
tech_th_weapon_xianzhe
tech_th_weapon_knife
tech_th_weapon_xieshi
tech_th_weapon_sanae
tech_th_weapon_mofashu
tech_th_weapon_yuzhu
tech_touhou_makai_wedge_titan_petascale
tech_touhou_common_bow
tech_touhou_sky_control_ship
tech_th_ship_part_yueshiji
tech_th_ship_part_yueshiji_story
tech_th_ship_part_satori
tech_th_weapon_loukanken
tech_kamikakushi
tech_bombardment_touhou_ground_land
tech_bombardment_touhou_destroy_planet
tech_touhou_bomb_crater_clear
tech_xijian_station_section
tech_worker_0
tech_specialist_0
tech_th_flagship_1
tech_th_gene_tailoring
tech_th_gene_tailoring2
tech_th_gene_negative
tech_barrier_convert
tech_touhou_system_warper_attack_improve
tech_touhou_warp_engine_astral_1
tech_touhou_warp_engine_astral_2
tech_th_lingli_storage
tech_th_advanced_trait
tech_hm_pop_growth_1
tech_hm_pop_growth_2
tech_th_advanced_leader_trait
tech_repeatable_improved_gungnir
tech_repeatable_improved_knife
tech_repeatable_improved_xianzhe
tech_repeatable_improved_spark
tech_repeatable_improved_needle
tech_repeatable_improved_reimu
tech_repeatable_improved_sanae
tech_repeatable_improved_laevatain
tech_repeatable_improved_kappa
tech_repeatable_improved_lingli
tech_repeatable_improved_lingli_enhanced
tech_th_shield_barrier_story
tech_th_armor_spiritual_power_story
tech_spth_spiritual_power_habitat
tech_th_ship_part_yuyuko
tech_touhou_tenshi_keystone
tech_touhou_entropy_archor
tech_touhou_nimble_fabric
tech_ship_part_aura_touhou_minefield
tech_th_kappa_torpedo
tech_build_spth_capital_shirne
tech_ring_spiritual_power_hub
tech_ring_spellcard_hub
tech_th_shield_barrier_psionic
tech_th_shield_barrier_psionic_story
tech_th_armor_barrier_psionic_story
tech_th_armor_scarlet_psionic
tech_touhou_psionic_lighting
tech_touhou_psionic_ag_lighting
tech_touhou_psionic_lighting_pd
tech_touhou_psionic_ag_lighting_pd
tech_touhou_psionic_lighting_xl
tech_touhou_psionic_ag_lighting_xl
tech_touhou_psionic_lighting_t
tech_touhou_psionic_ag_lighting_t
tech_th_ship_part_mokou
tech_trait_touhou_psionic
tech_touhou_psionic_singularity
tech_touhou_psionic_singularity_alt
tech_touhou_psionic_singularity_xl
tech_touhou_psionic_singularity_alt_xl
tech_touhou_psionic_singularity_t
tech_touhou_psionic_singularity_alt_t
tech_touhou_psionic_inhibitor_weapon
tech_touhou_anti_psionic_weapon
tech_touhou_psionic_launcher
tech_touhou_zro_psionic_lighting
tech_trait_th_alice_doll
tech_th_tenshi_aux
tech_touhou_youkai_mountain_science_module
tech_gensokyo_ringworld_arkship
tech_reverse_engine_izakaya_arkship
tech_touhou_signal_jammer_tower_repair
tech_lunar_capital_frigate
tech_lunar_capital_parts
tech_lunar_capital_ships
tech_lunar_capital_never
tech_touhou_ship_optimize_cost
tech_crisis_kamikakushi
tech_crisis_dreamworld
tech_colony_jiejie
tech_amenotoribunenokami
tech_xijian_1
tech_xijian_n
tech_th_bullet_emission_1
tech_th_bullet_1_a
tech_th_bullet_1_b
tech_short_spell_relay
tech_medium_spell_relay
tech_long_spell_relay
tech_touhou_miko_admin_mode
tech_grimic_network
tech_spell_navigation
tech_th_village_revolution
tech_terakoya_reset
tech_yosei_revolution
tech_yosei_math_diffuse
tech_th_deposits_uncover
tech_th_shrine_mega
tech_touhou_sensor
tech_touhou_mandible
tech_spth_story_science_ship
tech_th_battle_cruiser
tech_touhou_makai_ftl_engine
tech_th_ship_build_upgrade
tech_spth_weapon_laevatain
tech_touhou_cruise_missile
tech_touhou_swarm_rocket
tech_spth_hv_bombardment
tech_touhou_command_dreadnought
tech_touhou_support_heavy_cruiser
tech_touhou_support_heavy_cruiser_lunar
tech_touhou_astronomical_telescope
tech_kamikakushi_supressor
tech_yuyuko_barrier
tech_spth_super_carrier_theory
tech_spth_super_carrier_ship_parts
tech_spth_super_carrier_system
tech_spth_super_carrier
tech_spth_kamikakushi_cruiser
tech_touhou_event_drone
tech_touhou_super_flagship
tech_touhou_super_flagship_science
tech_th_shrine_mega_2_control
tech_spth_space_shrine_station
tech_touhou_superstarbase_move
tech_spth_precursor_makai_locate
tech_touhou_psionic_inhibitor
tech_touhou_psionic_burster
tech_touhou_gateway_network_master_node_unlock_shield
tech_touhou_gateway_network_master_node_repair
tech_touhou_gateway_network_master_unlock
tech_touhou_gateway_network_slave_ship
tech_touhou_gunpower_turret
tech_touhou_gunpower_turret_gravity_cannon
tech_touhou_system_warper
tech_touhou_system_warper_improved
tech_spth_spirit_power_beginning
tech_spth_unified_theory
