@touhou_generic_scale_damage_extra_large_factor = 1.2
@touhou_generic_scale_windup_extra_large_factor = 1.2
@touhou_generic_scale_fire_time_extra_large_factor = 1.0
@touhou_generic_scale_damage_large_factor = 1.1
@touhou_generic_scale_windup_large_factor = 1.0
@touhou_generic_scale_fire_time_large_factor = 1.0
@touhou_generic_scale_damage_medium_factor = 1.1
@touhou_generic_scale_windup_medium_factor = 1.0
@touhou_generic_scale_fire_time_medium_factor = 1.0
@touhou_generic_scale_damage_point_defence_factor = 1.6
@touhou_generic_scale_windup_point_defence_factor = 1.0
@touhou_generic_scale_fire_time_point_defence_factor = 1.0
@touhou_generic_scale_damage_psionic_blast_factor = 1.0
@touhou_generic_scale_windup_psionic_blast_factor = 1.0
@touhou_generic_scale_fire_time_psionic_blast_factor = 1.0
@touhou_generic_scale_damage_small_factor = 1.1
@touhou_generic_scale_windup_small_factor = 1.0
@touhou_generic_scale_fire_time_small_factor = 1.0
@touhou_generic_scale_damage_titanic_factor = 1.1
@touhou_generic_scale_windup_titanic_factor = 1.0
@touhou_generic_scale_fire_time_titanic_factor = 1.0
@touhou_generic_scale_damage_torpedo_factor = 4.6
@touhou_generic_scale_windup_torpedo_factor = 1.0
@touhou_generic_scale_fire_time_torpedo_factor = 1.32
